     START> PairSeq
     FILE1> R1_CONS_consensus-pass.fastq
     FILE2> R2_CONS_consensus-pass.fastq
  FIELDS_1> None
  FIELDS_2> None
COORD_TYPE> presto


PROGRESS> 07:59:27 |Indexing files           | 0.0 min
PROGRESS> 07:59:27 |Done                     | 0.0 min

PROGRESS> 07:59:27 |                    |   0% (    0) 0.0 min
PROGRESS> 07:59:27 |#                   |   5% (   64) 0.0 min
PROGRESS> 07:59:27 |##                  |  10% (  128) 0.0 min
PROGRESS> 07:59:27 |###                 |  15% (  192) 0.0 min
PROGRESS> 07:59:27 |####                |  20% (  256) 0.0 min
PROGRESS> 07:59:27 |#####               |  25% (  320) 0.0 min
PROGRESS> 07:59:27 |######              |  30% (  384) 0.0 min
PROGRESS> 07:59:27 |#######             |  35% (  448) 0.0 min
PROGRESS> 07:59:27 |########            |  40% (  512) 0.0 min
PROGRESS> 07:59:27 |#########           |  45% (  576) 0.0 min
PROGRESS> 07:59:27 |##########          |  50% (  640) 0.0 min
PROGRESS> 07:59:27 |###########         |  55% (  704) 0.0 min
PROGRESS> 07:59:27 |############        |  60% (  768) 0.0 min
PROGRESS> 07:59:27 |#############       |  65% (  832) 0.0 min
PROGRESS> 07:59:27 |##############      |  70% (  896) 0.0 min
PROGRESS> 07:59:27 |###############     |  75% (  960) 0.0 min
PROGRESS> 07:59:27 |################    |  81% (1,024) 0.0 min
PROGRESS> 07:59:27 |#################   |  86% (1,088) 0.0 min
PROGRESS> 07:59:27 |##################  |  91% (1,152) 0.0 min
PROGRESS> 07:59:27 |################### |  96% (1,216) 0.0 min
PROGRESS> 07:59:27 |####################| 100% (1,272) 0.0 min

   OUTPUT1> R1_CONS_consensus-pass_pair-pass.fastq
   OUTPUT2> R2_CONS_consensus-pass_pair-pass.fastq
SEQUENCES1> 1272
SEQUENCES2> 1272
      PASS> 1270
       END> PairSeq

[CMD] PairSeq.py -1 /data/session_files/c1333b86-9117-4827-ab77-9eac7fcf9bfb/pairseq_003/R1_CONS_consensus-pass.fastq -2 /data/session_files/c1333b86-9117-4827-ab77-9eac7fcf9bfb/pairseq_003/R2_CONS_consensus-pass.fastq --coord presto
